// Jest Snapshot v1, https://goo.gl/fbAQLP

exports[`it render the image correctly 1`] = `
<div
  class="container"
>
  <img
    alt="Sample image"
    class="image"
    data-testid="markdown-image"
    src="/sample.jpg"
  />
  <div
    class="caption"
  >
    Sample image
  </div>
</div>
`;
