// Jest Snapshot v1, https://goo.gl/fbAQLP

exports[`render correctly 1`] = `
<div
  class="markdownBody"
>
  <div
    class="paragraph"
  >
    <strong
      class="strong"
      data-testid="markdown-strong"
    >
      This is a bold text
    </strong>
  </div>
</div>
`;
