// Jest Snapshot v1, https://goo.gl/fbAQLP

exports[`renders tags when input is not empty 1`] = `
<div
  class="tags"
>
  <div
    class="tag"
  >
    JS
  </div>
  <div
    class="tag"
  >
    Ruby
  </div>
  <div
    class="tag"
  >
    Miscs
  </div>
</div>
`;
